  Ôû▓ Next.js 14.2.20
  - Environments: .env.local

   Creating an optimized production build ...
 Ô£ô Compiled successfully
   Linting and checking validity of types ...
   Collecting page data ...
   Generating static pages (0/16) ...
   Generating static pages (4/16) 
   Generating static pages (8/16) 
   Generating static pages (12/16) 
 Ô£ô Generating static pages (16/16)
   Finalizing page optimization ...
   Collecting build traces ...

Route (app)                              Size     First Load JS
Ôöî Ôùï /                                    4.76 kB         341 kB
Ôö£ Ôùï /_not-found                          873 B          88.1 kB
Ôö£ ãÆ /api/auth/[...nextauth]              0 B                0 B
Ôö£ ãÆ /api/jobs                            0 B                0 B
Ôö£ ãÆ /api/register                        0 B                0 B
Ôö£ ãÆ /api/resume                          0 B                0 B
Ôö£ Ôùï /company                             2.4 kB          339 kB
Ôö£ ãÆ /job/[slug]                          2.31 kB         338 kB
Ôö£ Ôùï /job/new                             2.49 kB         339 kB
Ôö£ Ôùï /jobs                                3.03 kB         339 kB
Ôö£ Ôùï /login                               2.56 kB         303 kB
Ôö£ Ôùï /onboarding/company                  741 B           337 kB
Ôö£ Ôùï /onboarding/user                     741 B           337 kB
Ôö£ Ôùï /profile                             219 B           336 kB
Ôö£ Ôùï /resume                              3.57 kB         340 kB
Ôöö Ôùï /signup                              5.41 kB         311 kB
+ First Load JS shared by all            87.2 kB
  Ôö£ chunks/117-3a57c177a9f4b9e4.js       31.6 kB
  Ôö£ chunks/fd9d1056-3750f1c68fb99acb.js  53.6 kB
  Ôöö other shared chunks (total)          1.96 kB


ãÆ Middleware                             26.5 kB

Ôùï  (Static)   prerendered as static content
ãÆ  (Dynamic)  server-rendered on demand

